node.exe : FAIL __tests__/integration/generation/imageGenerationFlow.test.ts (23.079 s)
En línea: 1 Carácter: 1
+ & "C:\Program Files\nodejs/node.exe" "C:\Program Files\nodejs/node_mo ...
+ ~~~~~~~~~~~~~~~~~~~~~~~~~~~~~~~~~~~~~~~~~~~~~~~~~~~~~~~~~~~~~~~~~~~~~
    + CategoryInfo          : NotSpecified: (FAIL __tests__/...t.ts (23.079 s):String) [], RemoteException
    + FullyQualifiedErrorId : NativeCommandError
 
  Image Generation Flow Integration
    Image Generation Lifecycle
      ΓêÜ should update state during generation lifecycle (24 ms)
      ΓêÜ should call localDreamGeneratorService with correct parameters (6 ms)
      ΓêÜ should save generated image to gallery (4 ms)
      ΓêÜ should add message to chat when conversationId is provided (6 ms)
    Progress Updates
      ΓêÜ should receive and propagate progress updates (3 ms)
    Error Handling
      ΓêÜ should handle generation errors gracefully (4 ms)
      ├ù should return null when no model is selected (4 ms)
      ΓêÜ should handle model load failure (4 ms)
    Cancel Generation
      ΓêÜ should cancel generation when requested (48 ms)
    Concurrent Generation Prevention
      ΓêÜ should ignore second generation request while generating (2 ms)
    State Subscription
      ΓêÜ should notify subscribers of state changes (3 ms)
      ΓêÜ should receive current state immediately on subscribe (2 ms)
    Model Auto-Loading
      ΓêÜ should auto-load model if not loaded (31 ms)
      ΓêÜ should reload model if threads changed (1 ms)
    Generation Metadata
      ΓêÜ should include generation metadata in chat message (3 ms)
    Prompt Enhancement with Conversation Context
      ├ù should pass conversation history to enhancement when conversationId provided (6 ms)
      ├ù should not include conversation context when no conversationId (3 ms)
      ├ù should truncate long messages in conversation context (3 ms)
      ├ù should limit conversation context to last 10 messages (4 ms)
      ├ù should skip system messages from conversation context (3 ms)
      ΓêÜ should use original prompt when enhancement is disabled (32 ms)
      ├ù should handle empty conversation gracefully (2 ms)
    cancelGeneration when not generating
      ├ù should return immediately when not generating (2 ms)
    isGeneratingFor
      ΓêÜ returns false when not generating (1 ms)
      ΓêÜ returns true when generating for matching conversation (2 ms)
    generation returning null result (no imagePath)
      ΓêÜ should return null when native generator returns null (1 ms)
    prompt enhancement error handling
      ├ù should fall back to original prompt when enhancement fails (2 ms)
      ΓêÜ should skip enhancement when LLM is not loaded (2 ms)
    enhancement result update vs delete thinking message
      ├ù should update thinking message when enhancement produces different prompt (2 ms)
      ├ù should delete thinking message when enhancement returns same prompt (3 ms)
    generation with conversation metadata
      ΓêÜ should include correct backend metadata for QNN model (3 ms)
    cancelRequested during generation
      ΓêÜ should check cancelRequested after model load (2 ms)
    generation without conversationId
      ΓêÜ should save to gallery but not add chat message (1 ms)
    enhancement with LLM currently generating
      ├ù should still attempt enhancement even if LLM was generating (2 ms)
    prompt enhancement strips thinking model tags
      ├ù should strip <think> tags from thinking model responses (2 ms)
      ├ù should handle thinking model response that is only a think block (2 ms)
      ├ù should handle response without think tags normally (1 ms)
    cancelled error handling
      ΓêÜ should reset state when error message includes cancelled (2 ms)
    prompt enhancement stopGeneration cleanup (lines 247, 287-291)
      ├ù should call stopGeneration after successful enhancement (line 247) (1 ms)
      ├ù should call stopGeneration even when stopGeneration itself throws (lines 253-255) (1 ms)
      ├ù should delete thinking message and call stopGeneration when enhancement fails with conversationId (lines 
287-298) (2 ms)
      ├ù should call stopGeneration in catch when stopGeneration itself throws during error cleanup (lines 290-292) (3 
ms)
      ├ù should update thinking message in chat when enhancement succeeds with conversationId (lines 263-278) (6 ms)
      ├ù should delete thinking message when enhancement returns same prompt as original (lines 274-278) (2 ms)
    onPreview callback normal path (lines 388-389)
      ΓêÜ should update previewPath state when onPreview fires without cancellation (4 ms)
    onPreview callback skipped when cancelRequested (lines 387-389)
      ΓêÜ should skip preview update when cancelRequested is true during preview callback (50 ms)
    cancelRequested check after generateImage resolves (lines 397-398)
      ΓêÜ should return null when cancelRequested is set before generateImage resolves (43 ms)
    OpenCL kernel cache branches
      ├ù logs warning and sets isFirstGpuRun=false when hasKernelCache throws (4 ms)
      ├ù uses regular progress status when kernel cache exists (isFirstGpuRun=false) (28 ms)
    _ensureImageModelLoaded with null activeImageModelId
      ├ù returns false and sets error when activeImageModelId is null but model not loaded (5 ms)

  ΓùÅ Image Generation Flow Integration ΓÇ║ Error Handling ΓÇ║ should return null when no model is selected

    expect(received).toContain(expected) // indexOf

    Expected substring: "No image model"
    Received string:    "No hay modelo de imagen seleccionado"

    [0m [90m 305 |[39m
     [90m 306 |[39m       expect(result)[33m.[39mtoBeNull()[33m;[39m
    [31m[1m>[22m[39m[90m 307 |[39m       
expect(imageGenerationService[33m.[39mgetState()[33m.[39merror)[33m.[39mtoContain([32m'No image 
model'[39m)[33m;[39m
     [90m     |[39m                                                       [31m[1m^[22m[39m
     [90m 308 |[39m     })[33m;[39m
     [90m 309 |[39m
     [90m 310 |[39m     it([32m'should handle model load failure'[39m[33m,[39m [36masync[39m () [33m=>[39m 
{[0m

      at Object.toContain (__tests__/integration/generation/imageGenerationFlow.test.ts:307:55)
      at asyncGeneratorStep (node_modules/@babel/runtime/helpers/asyncToGenerator.js:3:17)
      at _next (node_modules/@babel/runtime/helpers/asyncToGenerator.js:17:9)

  ΓùÅ Image Generation Flow Integration ΓÇ║ Prompt Enhancement with Conversation Context ΓÇ║ should pass conversation 
history to enhancement when conversationId provided

    TypeError: Cannot read properties of undefined (reading 'severity')

    [0m [90m 323 |[39m       [36mconst[39m activeTextId [33m=[39m 
useAppStore[33m.[39mgetState()[33m.[39mactiveModelId[33m;[39m
     [90m 324 |[39m       [36mconst[39m memCheck [33m=[39m [36mawait[39m 
activeModelService[33m.[39mcheckMemoryForDualModel(activeTextId[33m,[39m activeImageModelId)[33m;[39m
    [31m[1m>[22m[39m[90m 325 |[39m       [36mif[39m (memCheck[33m.[39mseverity [33m===[39m 
[32m'critical'[39m [33m||[39m memCheck[33m.[39mseverity [33m===[39m [32m'warning'[39m) {
     [90m     |[39m                    [31m[1m^[22m[39m
     [90m 326 |[39m         logger[33m.[39mlog([32m`[ImageGen] Dual memory check returned ${memCheck.severity}. 
Forcing text model eviction.`[39m)[33m;[39m
     [90m 327 |[39m         forceEvict [33m=[39m [36mtrue[39m[33m;[39m
     [90m 328 |[39m       }[0m

      at ImageGenerationService.severity (src/services/imageGenerationService.ts:325:20)
      at asyncGeneratorStep (node_modules/@babel/runtime/helpers/asyncToGenerator.js:3:17)
      at _next (node_modules/@babel/runtime/helpers/asyncToGenerator.js:17:9)

  ΓùÅ Image Generation Flow Integration ΓÇ║ Prompt Enhancement with Conversation Context ΓÇ║ should not include 
conversation context when no conversationId

    TypeError: Cannot read properties of undefined (reading 'severity')

    [0m [90m 323 |[39m       [36mconst[39m activeTextId [33m=[39m 
useAppStore[33m.[39mgetState()[33m.[39mactiveModelId[33m;[39m
     [90m 324 |[39m       [36mconst[39m memCheck [33m=[39m [36mawait[39m 
activeModelService[33m.[39mcheckMemoryForDualModel(activeTextId[33m,[39m activeImageModelId)[33m;[39m
    [31m[1m>[22m[39m[90m 325 |[39m       [36mif[39m (memCheck[33m.[39mseverity [33m===[39m 
[32m'critical'[39m [33m||[39m memCheck[33m.[39mseverity [33m===[39m [32m'warning'[39m) {
     [90m     |[39m                    [31m[1m^[22m[39m
     [90m 326 |[39m         logger[33m.[39mlog([32m`[ImageGen] Dual memory check returned ${memCheck.severity}. 
Forcing text model eviction.`[39m)[33m;[39m
     [90m 327 |[39m         forceEvict [33m=[39m [36mtrue[39m[33m;[39m
     [90m 328 |[39m       }[0m

      at ImageGenerationService.severity (src/services/imageGenerationService.ts:325:20)
      at asyncGeneratorStep (node_modules/@babel/runtime/helpers/asyncToGenerator.js:3:17)
      at _next (node_modules/@babel/runtime/helpers/asyncToGenerator.js:17:9)

  ΓùÅ Image Generation Flow Integration ΓÇ║ Prompt Enhancement with Conversation Context ΓÇ║ should truncate long 
messages in conversation context

    TypeError: Cannot read properties of undefined (reading 'severity')

    [0m [90m 323 |[39m       [36mconst[39m activeTextId [33m=[39m 
useAppStore[33m.[39mgetState()[33m.[39mactiveModelId[33m;[39m
     [90m 324 |[39m       [36mconst[39m memCheck [33m=[39m [36mawait[39m 
activeModelService[33m.[39mcheckMemoryForDualModel(activeTextId[33m,[39m activeImageModelId)[33m;[39m
    [31m[1m>[22m[39m[90m 325 |[39m       [36mif[39m (memCheck[33m.[39mseverity [33m===[39m 
[32m'critical'[39m [33m||[39m memCheck[33m.[39mseverity [33m===[39m [32m'warning'[39m) {
     [90m     |[39m                    [31m[1m^[22m[39m
     [90m 326 |[39m         logger[33m.[39mlog([32m`[ImageGen] Dual memory check returned ${memCheck.severity}. 
Forcing text model eviction.`[39m)[33m;[39m
     [90m 327 |[39m         forceEvict [33m=[39m [36mtrue[39m[33m;[39m
     [90m 328 |[39m       }[0m

      at ImageGenerationService.severity (src/services/imageGenerationService.ts:325:20)
      at asyncGeneratorStep (node_modules/@babel/runtime/helpers/asyncToGenerator.js:3:17)
      at _next (node_modules/@babel/runtime/helpers/asyncToGenerator.js:17:9)

  ΓùÅ Image Generation Flow Integration ΓÇ║ Prompt Enhancement with Conversation Context ΓÇ║ should limit conversation 
context to last 10 messages

    TypeError: Cannot read properties of undefined (reading 'severity')

    [0m [90m 323 |[39m       [36mconst[39m activeTextId [33m=[39m 
useAppStore[33m.[39mgetState()[33m.[39mactiveModelId[33m;[39m
     [90m 324 |[39m       [36mconst[39m memCheck [33m=[39m [36mawait[39m 
activeModelService[33m.[39mcheckMemoryForDualModel(activeTextId[33m,[39m activeImageModelId)[33m;[39m
    [31m[1m>[22m[39m[90m 325 |[39m       [36mif[39m (memCheck[33m.[39mseverity [33m===[39m 
[32m'critical'[39m [33m||[39m memCheck[33m.[39mseverity [33m===[39m [32m'warning'[39m) {
     [90m     |[39m                    [31m[1m^[22m[39m
     [90m 326 |[39m         logger[33m.[39mlog([32m`[ImageGen] Dual memory check returned ${memCheck.severity}. 
Forcing text model eviction.`[39m)[33m;[39m
     [90m 327 |[39m         forceEvict [33m=[39m [36mtrue[39m[33m;[39m
     [90m 328 |[39m       }[0m

      at ImageGenerationService.severity (src/services/imageGenerationService.ts:325:20)
      at asyncGeneratorStep (node_modules/@babel/runtime/helpers/asyncToGenerator.js:3:17)
      at _next (node_modules/@babel/runtime/helpers/asyncToGenerator.js:17:9)

  ΓùÅ Image Generation Flow Integration ΓÇ║ Prompt Enhancement with Conversation Context ΓÇ║ should skip system 
messages from conversation context

    TypeError: Cannot read properties of undefined (reading 'severity')

    [0m [90m 323 |[39m       [36mconst[39m activeTextId [33m=[39m 
useAppStore[33m.[39mgetState()[33m.[39mactiveModelId[33m;[39m
     [90m 324 |[39m       [36mconst[39m memCheck [33m=[39m [36mawait[39m 
activeModelService[33m.[39mcheckMemoryForDualModel(activeTextId[33m,[39m activeImageModelId)[33m;[39m
    [31m[1m>[22m[39m[90m 325 |[39m       [36mif[39m (memCheck[33m.[39mseverity [33m===[39m 
[32m'critical'[39m [33m||[39m memCheck[33m.[39mseverity [33m===[39m [32m'warning'[39m) {
     [90m     |[39m                    [31m[1m^[22m[39m
     [90m 326 |[39m         logger[33m.[39mlog([32m`[ImageGen] Dual memory check returned ${memCheck.severity}. 
Forcing text model eviction.`[39m)[33m;[39m
     [90m 327 |[39m         forceEvict [33m=[39m [36mtrue[39m[33m;[39m
     [90m 328 |[39m       }[0m

      at ImageGenerationService.severity (src/services/imageGenerationService.ts:325:20)
      at asyncGeneratorStep (node_modules/@babel/runtime/helpers/asyncToGenerator.js:3:17)
      at _next (node_modules/@babel/runtime/helpers/asyncToGenerator.js:17:9)

  ΓùÅ Image Generation Flow Integration ΓÇ║ Prompt Enhancement with Conversation Context ΓÇ║ should handle empty 
conversation gracefully

    TypeError: Cannot read properties of undefined (reading 'severity')

    [0m [90m 323 |[39m       [36mconst[39m activeTextId [33m=[39m 
useAppStore[33m.[39mgetState()[33m.[39mactiveModelId[33m;[39m
     [90m 324 |[39m       [36mconst[39m memCheck [33m=[39m [36mawait[39m 
activeModelService[33m.[39mcheckMemoryForDualModel(activeTextId[33m,[39m activeImageModelId)[33m;[39m
    [31m[1m>[22m[39m[90m 325 |[39m       [36mif[39m (memCheck[33m.[39mseverity [33m===[39m 
[32m'critical'[39m [33m||[39m memCheck[33m.[39mseverity [33m===[39m [32m'warning'[39m) {
     [90m     |[39m                    [31m[1m^[22m[39m
     [90m 326 |[39m         logger[33m.[39mlog([32m`[ImageGen] Dual memory check returned ${memCheck.severity}. 
Forcing text model eviction.`[39m)[33m;[39m
     [90m 327 |[39m         forceEvict [33m=[39m [36mtrue[39m[33m;[39m
     [90m 328 |[39m       }[0m

      at ImageGenerationService.severity (src/services/imageGenerationService.ts:325:20)
      at asyncGeneratorStep (node_modules/@babel/runtime/helpers/asyncToGenerator.js:3:17)
      at _next (node_modules/@babel/runtime/helpers/asyncToGenerator.js:17:9)

  ΓùÅ Image Generation Flow Integration ΓÇ║ cancelGeneration when not generating ΓÇ║ should return immediately when 
not generating

    expect(jest.fn()).not.toHaveBeenCalled()

    Expected number of calls: 0
    Received number of calls: 1

    1: called with 0 arguments

    [0m [90m 733 |[39m       [36mawait[39m imageGenerationService[33m.[39mcancelGeneration()[33m;[39m
     [90m 734 |[39m
    [31m[1m>[22m[39m[90m 735 |[39m       
expect(mockLocalDreamService[33m.[39mcancelGeneration)[33m.[39mnot[33m.[39mtoHaveBeenCalled()[33m;[39m
     [90m     |[39m                                                          [31m[1m^[22m[39m
     [90m 736 |[39m     })[33m;[39m
     [90m 737 |[39m   })[33m;[39m
     [90m 738 |[39m[0m

      at Object.toHaveBeenCalled (__tests__/integration/generation/imageGenerationFlow.test.ts:735:58)
      at asyncGeneratorStep (node_modules/@babel/runtime/helpers/asyncToGenerator.js:3:17)
      at _next (node_modules/@babel/runtime/helpers/asyncToGenerator.js:17:9)

  ΓùÅ Image Generation Flow Integration ΓÇ║ prompt enhancement error handling ΓÇ║ should fall back to original prompt 
when enhancement fails

    TypeError: Cannot read properties of undefined (reading 'severity')

    [0m [90m 323 |[39m       [36mconst[39m activeTextId [33m=[39m 
useAppStore[33m.[39mgetState()[33m.[39mactiveModelId[33m;[39m
     [90m 324 |[39m       [36mconst[39m memCheck [33m=[39m [36mawait[39m 
activeModelService[33m.[39mcheckMemoryForDualModel(activeTextId[33m,[39m activeImageModelId)[33m;[39m
    [31m[1m>[22m[39m[90m 325 |[39m       [36mif[39m (memCheck[33m.[39mseverity [33m===[39m 
[32m'critical'[39m [33m||[39m memCheck[33m.[39mseverity [33m===[39m [32m'warning'[39m) {
     [90m     |[39m                    [31m[1m^[22m[39m
     [90m 326 |[39m         logger[33m.[39mlog([32m`[ImageGen] Dual memory check returned ${memCheck.severity}. 
Forcing text model eviction.`[39m)[33m;[39m
     [90m 327 |[39m         forceEvict [33m=[39m [36mtrue[39m[33m;[39m
     [90m 328 |[39m       }[0m

      at ImageGenerationService.severity (src/services/imageGenerationService.ts:325:20)
      at asyncGeneratorStep (node_modules/@babel/runtime/helpers/asyncToGenerator.js:3:17)
      at _next (node_modules/@babel/runtime/helpers/asyncToGenerator.js:17:9)

  ΓùÅ Image Generation Flow Integration ΓÇ║ enhancement result update vs delete thinking message ΓÇ║ should update 
thinking message when enhancement produces different prompt

    TypeError: Cannot read properties of undefined (reading 'severity')

    [0m [90m 323 |[39m       [36mconst[39m activeTextId [33m=[39m 
useAppStore[33m.[39mgetState()[33m.[39mactiveModelId[33m;[39m
     [90m 324 |[39m       [36mconst[39m memCheck [33m=[39m [36mawait[39m 
activeModelService[33m.[39mcheckMemoryForDualModel(activeTextId[33m,[39m activeImageModelId)[33m;[39m
    [31m[1m>[22m[39m[90m 325 |[39m       [36mif[39m (memCheck[33m.[39mseverity [33m===[39m 
[32m'critical'[39m [33m||[39m memCheck[33m.[39mseverity [33m===[39m [32m'warning'[39m) {
     [90m     |[39m                    [31m[1m^[22m[39m
     [90m 326 |[39m         logger[33m.[39mlog([32m`[ImageGen] Dual memory check returned ${memCheck.severity}. 
Forcing text model eviction.`[39m)[33m;[39m
     [90m 327 |[39m         forceEvict [33m=[39m [36mtrue[39m[33m;[39m
     [90m 328 |[39m       }[0m

      at ImageGenerationService.severity (src/services/imageGenerationService.ts:325:20)
      at asyncGeneratorStep (node_modules/@babel/runtime/helpers/asyncToGenerator.js:3:17)
      at _next (node_modules/@babel/runtime/helpers/asyncToGenerator.js:17:9)

  ΓùÅ Image Generation Flow Integration ΓÇ║ enhancement result update vs delete thinking message ΓÇ║ should delete 
thinking message when enhancement returns same prompt

    TypeError: Cannot read properties of undefined (reading 'severity')

    [0m [90m 323 |[39m       [36mconst[39m activeTextId [33m=[39m 
useAppStore[33m.[39mgetState()[33m.[39mactiveModelId[33m;[39m
     [90m 324 |[39m       [36mconst[39m memCheck [33m=[39m [36mawait[39m 
activeModelService[33m.[39mcheckMemoryForDualModel(activeTextId[33m,[39m activeImageModelId)[33m;[39m
    [31m[1m>[22m[39m[90m 325 |[39m       [36mif[39m (memCheck[33m.[39mseverity [33m===[39m 
[32m'critical'[39m [33m||[39m memCheck[33m.[39mseverity [33m===[39m [32m'warning'[39m) {
     [90m     |[39m                    [31m[1m^[22m[39m
     [90m 326 |[39m         logger[33m.[39mlog([32m`[ImageGen] Dual memory check returned ${memCheck.severity}. 
Forcing text model eviction.`[39m)[33m;[39m
     [90m 327 |[39m         forceEvict [33m=[39m [36mtrue[39m[33m;[39m
     [90m 328 |[39m       }[0m

      at ImageGenerationService.severity (src/services/imageGenerationService.ts:325:20)
      at asyncGeneratorStep (node_modules/@babel/runtime/helpers/asyncToGenerator.js:3:17)
      at _next (node_modules/@babel/runtime/helpers/asyncToGenerator.js:17:9)

  ΓùÅ Image Generation Flow Integration ΓÇ║ enhancement with LLM currently generating ΓÇ║ should still attempt 
enhancement even if LLM was generating

    TypeError: Cannot read properties of undefined (reading 'severity')

    [0m [90m 323 |[39m       [36mconst[39m activeTextId [33m=[39m 
useAppStore[33m.[39mgetState()[33m.[39mactiveModelId[33m;[39m
     [90m 324 |[39m       [36mconst[39m memCheck [33m=[39m [36mawait[39m 
activeModelService[33m.[39mcheckMemoryForDualModel(activeTextId[33m,[39m activeImageModelId)[33m;[39m
    [31m[1m>[22m[39m[90m 325 |[39m       [36mif[39m (memCheck[33m.[39mseverity [33m===[39m 
[32m'critical'[39m [33m||[39m memCheck[33m.[39mseverity [33m===[39m [32m'warning'[39m) {
     [90m     |[39m                    [31m[1m^[22m[39m
     [90m 326 |[39m         logger[33m.[39mlog([32m`[ImageGen] Dual memory check returned ${memCheck.severity}. 
Forcing text model eviction.`[39m)[33m;[39m
     [90m 327 |[39m         forceEvict [33m=[39m [36mtrue[39m[33m;[39m
     [90m 328 |[39m       }[0m

      at ImageGenerationService.severity (src/services/imageGenerationService.ts:325:20)
      at asyncGeneratorStep (node_modules/@babel/runtime/helpers/asyncToGenerator.js:3:17)
      at _next (node_modules/@babel/runtime/helpers/asyncToGenerator.js:17:9)

  ΓùÅ Image Generation Flow Integration ΓÇ║ prompt enhancement strips thinking model tags ΓÇ║ should strip <think> 
tags from thinking model responses

    TypeError: Cannot read properties of undefined (reading 'severity')

    [0m [90m 323 |[39m       [36mconst[39m activeTextId [33m=[39m 
useAppStore[33m.[39mgetState()[33m.[39mactiveModelId[33m;[39m
     [90m 324 |[39m       [36mconst[39m memCheck [33m=[39m [36mawait[39m 
activeModelService[33m.[39mcheckMemoryForDualModel(activeTextId[33m,[39m activeImageModelId)[33m;[39m
    [31m[1m>[22m[39m[90m 325 |[39m       [36mif[39m (memCheck[33m.[39mseverity [33m===[39m 
[32m'critical'[39m [33m||[39m memCheck[33m.[39mseverity [33m===[39m [32m'warning'[39m) {
     [90m     |[39m                    [31m[1m^[22m[39m
     [90m 326 |[39m         logger[33m.[39mlog([32m`[ImageGen] Dual memory check returned ${memCheck.severity}. 
Forcing text model eviction.`[39m)[33m;[39m
     [90m 327 |[39m         forceEvict [33m=[39m [36mtrue[39m[33m;[39m
     [90m 328 |[39m       }[0m

      at ImageGenerationService.severity (src/services/imageGenerationService.ts:325:20)
      at asyncGeneratorStep (node_modules/@babel/runtime/helpers/asyncToGenerator.js:3:17)
      at _next (node_modules/@babel/runtime/helpers/asyncToGenerator.js:17:9)

  ΓùÅ Image Generation Flow Integration ΓÇ║ prompt enhancement strips thinking model tags ΓÇ║ should handle thinking 
model response that is only a think block

    TypeError: Cannot read properties of undefined (reading 'severity')

    [0m [90m 323 |[39m       [36mconst[39m activeTextId [33m=[39m 
useAppStore[33m.[39mgetState()[33m.[39mactiveModelId[33m;[39m
     [90m 324 |[39m       [36mconst[39m memCheck [33m=[39m [36mawait[39m 
activeModelService[33m.[39mcheckMemoryForDualModel(activeTextId[33m,[39m activeImageModelId)[33m;[39m
    [31m[1m>[22m[39m[90m 325 |[39m       [36mif[39m (memCheck[33m.[39mseverity [33m===[39m 
[32m'critical'[39m [33m||[39m memCheck[33m.[39mseverity [33m===[39m [32m'warning'[39m) {
     [90m     |[39m                    [31m[1m^[22m[39m
     [90m 326 |[39m         logger[33m.[39mlog([32m`[ImageGen] Dual memory check returned ${memCheck.severity}. 
Forcing text model eviction.`[39m)[33m;[39m
     [90m 327 |[39m         forceEvict [33m=[39m [36mtrue[39m[33m;[39m
     [90m 328 |[39m       }[0m

      at ImageGenerationService.severity (src/services/imageGenerationService.ts:325:20)
      at asyncGeneratorStep (node_modules/@babel/runtime/helpers/asyncToGenerator.js:3:17)
      at _next (node_modules/@babel/runtime/helpers/asyncToGenerator.js:17:9)

  ΓùÅ Image Generation Flow Integration ΓÇ║ prompt enhancement strips thinking model tags ΓÇ║ should handle response 
without think tags normally

    TypeError: Cannot read properties of undefined (reading 'severity')

    [0m [90m 323 |[39m       [36mconst[39m activeTextId [33m=[39m 
useAppStore[33m.[39mgetState()[33m.[39mactiveModelId[33m;[39m
     [90m 324 |[39m       [36mconst[39m memCheck [33m=[39m [36mawait[39m 
activeModelService[33m.[39mcheckMemoryForDualModel(activeTextId[33m,[39m activeImageModelId)[33m;[39m
    [31m[1m>[22m[39m[90m 325 |[39m       [36mif[39m (memCheck[33m.[39mseverity [33m===[39m 
[32m'critical'[39m [33m||[39m memCheck[33m.[39mseverity [33m===[39m [32m'warning'[39m) {
     [90m     |[39m                    [31m[1m^[22m[39m
     [90m 326 |[39m         logger[33m.[39mlog([32m`[ImageGen] Dual memory check returned ${memCheck.severity}. 
Forcing text model eviction.`[39m)[33m;[39m
     [90m 327 |[39m         forceEvict [33m=[39m [36mtrue[39m[33m;[39m
     [90m 328 |[39m       }[0m

      at ImageGenerationService.severity (src/services/imageGenerationService.ts:325:20)
      at asyncGeneratorStep (node_modules/@babel/runtime/helpers/asyncToGenerator.js:3:17)
      at _next (node_modules/@babel/runtime/helpers/asyncToGenerator.js:17:9)

  ΓùÅ Image Generation Flow Integration ΓÇ║ prompt enhancement stopGeneration cleanup (lines 247, 287-291) ΓÇ║ should 
call stopGeneration after successful enhancement (line 247)

    TypeError: Cannot read properties of undefined (reading 'severity')

    [0m [90m 323 |[39m       [36mconst[39m activeTextId [33m=[39m 
useAppStore[33m.[39mgetState()[33m.[39mactiveModelId[33m;[39m
     [90m 324 |[39m       [36mconst[39m memCheck [33m=[39m [36mawait[39m 
activeModelService[33m.[39mcheckMemoryForDualModel(activeTextId[33m,[39m activeImageModelId)[33m;[39m
    [31m[1m>[22m[39m[90m 325 |[39m       [36mif[39m (memCheck[33m.[39mseverity [33m===[39m 
[32m'critical'[39m [33m||[39m memCheck[33m.[39mseverity [33m===[39m [32m'warning'[39m) {
     [90m     |[39m                    [31m[1m^[22m[39m
     [90m 326 |[39m         logger[33m.[39mlog([32m`[ImageGen] Dual memory check returned ${memCheck.severity}. 
Forcing text model eviction.`[39m)[33m;[39m
     [90m 327 |[39m         forceEvict [33m=[39m [36mtrue[39m[33m;[39m
     [90m 328 |[39m       }[0m

      at ImageGenerationService.severity (src/services/imageGenerationService.ts:325:20)
      at asyncGeneratorStep (node_modules/@babel/runtime/helpers/asyncToGenerator.js:3:17)
      at _next (node_modules/@babel/runtime/helpers/asyncToGenerator.js:17:9)

  ΓùÅ Image Generation Flow Integration ΓÇ║ prompt enhancement stopGeneration cleanup (lines 247, 287-291) ΓÇ║ should 
call stopGeneration even when stopGeneration itself throws (lines 253-255)

    TypeError: Cannot read properties of undefined (reading 'severity')

    [0m [90m 323 |[39m       [36mconst[39m activeTextId [33m=[39m 
useAppStore[33m.[39mgetState()[33m.[39mactiveModelId[33m;[39m
     [90m 324 |[39m       [36mconst[39m memCheck [33m=[39m [36mawait[39m 
activeModelService[33m.[39mcheckMemoryForDualModel(activeTextId[33m,[39m activeImageModelId)[33m;[39m
    [31m[1m>[22m[39m[90m 325 |[39m       [36mif[39m (memCheck[33m.[39mseverity [33m===[39m 
[32m'critical'[39m [33m||[39m memCheck[33m.[39mseverity [33m===[39m [32m'warning'[39m) {
     [90m     |[39m                    [31m[1m^[22m[39m
     [90m 326 |[39m         logger[33m.[39mlog([32m`[ImageGen] Dual memory check returned ${memCheck.severity}. 
Forcing text model eviction.`[39m)[33m;[39m
     [90m 327 |[39m         forceEvict [33m=[39m [36mtrue[39m[33m;[39m
     [90m 328 |[39m       }[0m

      at ImageGenerationService.severity (src/services/imageGenerationService.ts:325:20)
      at asyncGeneratorStep (node_modules/@babel/runtime/helpers/asyncToGenerator.js:3:17)
      at _next (node_modules/@babel/runtime/helpers/asyncToGenerator.js:17:9)

  ΓùÅ Image Generation Flow Integration ΓÇ║ prompt enhancement stopGeneration cleanup (lines 247, 287-291) ΓÇ║ should 
delete thinking message and call stopGeneration when enhancement fails with conversationId (lines 287-298)

    TypeError: Cannot read properties of undefined (reading 'severity')

    [0m [90m 323 |[39m       [36mconst[39m activeTextId [33m=[39m 
useAppStore[33m.[39mgetState()[33m.[39mactiveModelId[33m;[39m
     [90m 324 |[39m       [36mconst[39m memCheck [33m=[39m [36mawait[39m 
activeModelService[33m.[39mcheckMemoryForDualModel(activeTextId[33m,[39m activeImageModelId)[33m;[39m
    [31m[1m>[22m[39m[90m 325 |[39m       [36mif[39m (memCheck[33m.[39mseverity [33m===[39m 
[32m'critical'[39m [33m||[39m memCheck[33m.[39mseverity [33m===[39m [32m'warning'[39m) {
     [90m     |[39m                    [31m[1m^[22m[39m
     [90m 326 |[39m         logger[33m.[39mlog([32m`[ImageGen] Dual memory check returned ${memCheck.severity}. 
Forcing text model eviction.`[39m)[33m;[39m
     [90m 327 |[39m         forceEvict [33m=[39m [36mtrue[39m[33m;[39m
     [90m 328 |[39m       }[0m

      at ImageGenerationService.severity (src/services/imageGenerationService.ts:325:20)
      at asyncGeneratorStep (node_modules/@babel/runtime/helpers/asyncToGenerator.js:3:17)
      at _next (node_modules/@babel/runtime/helpers/asyncToGenerator.js:17:9)

  ΓùÅ Image Generation Flow Integration ΓÇ║ prompt enhancement stopGeneration cleanup (lines 247, 287-291) ΓÇ║ should 
call stopGeneration in catch when stopGeneration itself throws during error cleanup (lines 290-292)

    TypeError: Cannot read properties of undefined (reading 'severity')

    [0m [90m 323 |[39m       [36mconst[39m activeTextId [33m=[39m 
useAppStore[33m.[39mgetState()[33m.[39mactiveModelId[33m;[39m
     [90m 324 |[39m       [36mconst[39m memCheck [33m=[39m [36mawait[39m 
activeModelService[33m.[39mcheckMemoryForDualModel(activeTextId[33m,[39m activeImageModelId)[33m;[39m
    [31m[1m>[22m[39m[90m 325 |[39m       [36mif[39m (memCheck[33m.[39mseverity [33m===[39m 
[32m'critical'[39m [33m||[39m memCheck[33m.[39mseverity [33m===[39m [32m'warning'[39m) {
     [90m     |[39m                    [31m[1m^[22m[39m
     [90m 326 |[39m         logger[33m.[39mlog([32m`[ImageGen] Dual memory check returned ${memCheck.severity}. 
Forcing text model eviction.`[39m)[33m;[39m
     [90m 327 |[39m         forceEvict [33m=[39m [36mtrue[39m[33m;[39m
     [90m 328 |[39m       }[0m

      at ImageGenerationService.severity (src/services/imageGenerationService.ts:325:20)
      at asyncGeneratorStep (node_modules/@babel/runtime/helpers/asyncToGenerator.js:3:17)
      at _next (node_modules/@babel/runtime/helpers/asyncToGenerator.js:17:9)

  ΓùÅ Image Generation Flow Integration ΓÇ║ prompt enhancement stopGeneration cleanup (lines 247, 287-291) ΓÇ║ should 
update thinking message in chat when enhancement succeeds with conversationId (lines 263-278)

    TypeError: Cannot read properties of undefined (reading 'severity')

    [0m [90m 323 |[39m       [36mconst[39m activeTextId [33m=[39m 
useAppStore[33m.[39mgetState()[33m.[39mactiveModelId[33m;[39m
     [90m 324 |[39m       [36mconst[39m memCheck [33m=[39m [36mawait[39m 
activeModelService[33m.[39mcheckMemoryForDualModel(activeTextId[33m,[39m activeImageModelId)[33m;[39m
    [31m[1m>[22m[39m[90m 325 |[39m       [36mif[39m (memCheck[33m.[39mseverity [33m===[39m 
[32m'critical'[39m [33m||[39m memCheck[33m.[39mseverity [33m===[39m [32m'warning'[39m) {
     [90m     |[39m                    [31m[1m^[22m[39m
     [90m 326 |[39m         logger[33m.[39mlog([32m`[ImageGen] Dual memory check returned ${memCheck.severity}. 
Forcing text model eviction.`[39m)[33m;[39m
     [90m 327 |[39m         forceEvict [33m=[39m [36mtrue[39m[33m;[39m
     [90m 328 |[39m       }[0m

      at ImageGenerationService.severity (src/services/imageGenerationService.ts:325:20)
      at asyncGeneratorStep (node_modules/@babel/runtime/helpers/asyncToGenerator.js:3:17)
      at _next (node_modules/@babel/runtime/helpers/asyncToGenerator.js:17:9)

  ΓùÅ Image Generation Flow Integration ΓÇ║ prompt enhancement stopGeneration cleanup (lines 247, 287-291) ΓÇ║ should 
delete thinking message when enhancement returns same prompt as original (lines 274-278)

    TypeError: Cannot read properties of undefined (reading 'severity')

    [0m [90m 323 |[39m       [36mconst[39m activeTextId [33m=[39m 
useAppStore[33m.[39mgetState()[33m.[39mactiveModelId[33m;[39m
     [90m 324 |[39m       [36mconst[39m memCheck [33m=[39m [36mawait[39m 
activeModelService[33m.[39mcheckMemoryForDualModel(activeTextId[33m,[39m activeImageModelId)[33m;[39m
    [31m[1m>[22m[39m[90m 325 |[39m       [36mif[39m (memCheck[33m.[39mseverity [33m===[39m 
[32m'critical'[39m [33m||[39m memCheck[33m.[39mseverity [33m===[39m [32m'warning'[39m) {
     [90m     |[39m                    [31m[1m^[22m[39m
     [90m 326 |[39m         logger[33m.[39mlog([32m`[ImageGen] Dual memory check returned ${memCheck.severity}. 
Forcing text model eviction.`[39m)[33m;[39m
     [90m 327 |[39m         forceEvict [33m=[39m [36mtrue[39m[33m;[39m
     [90m 328 |[39m       }[0m

      at ImageGenerationService.severity (src/services/imageGenerationService.ts:325:20)
      at asyncGeneratorStep (node_modules/@babel/runtime/helpers/asyncToGenerator.js:3:17)
      at _next (node_modules/@babel/runtime/helpers/asyncToGenerator.js:17:9)

  ΓùÅ Image Generation Flow Integration ΓÇ║ OpenCL kernel cache branches ΓÇ║ logs warning and sets isFirstGpuRun=false 
when hasKernelCache throws

    expect(received).toBe(expected) // Object.is equality

    Expected: true
    Received: false

    [0m [90m 1473 |[39m       unsub()[33m;[39m
     [90m 1474 |[39m       [90m// When hasKernelCache throws, isFirstGpuRun=false, so regular status is used[39m
    [31m[1m>[22m[39m[90m 1475 |[39m       expect(statusUpdates[33m.[39msome(s [33m=>[39m 
s[33m?[39m[33m.[39mincludes([32m'Starting image generation'[39m)))[33m.[39mtoBe([36mtrue[39m)[33m;[39m
     [90m      |[39m                                                                                 
[31m[1m^[22m[39m
     [90m 1476 |[39m     })[33m;[39m
     [90m 1477 |[39m
     [90m 1478 |[39m     it([32m'uses regular progress status when kernel cache exists 
(isFirstGpuRun=false)'[39m[33m,[39m [36masync[39m () [33m=>[39m {[0m

      at Object.toBe (__tests__/integration/generation/imageGenerationFlow.test.ts:1475:81)
      at asyncGeneratorStep (node_modules/@babel/runtime/helpers/asyncToGenerator.js:3:17)
      at _next (node_modules/@babel/runtime/helpers/asyncToGenerator.js:17:9)

  ΓùÅ Image Generation Flow Integration ΓÇ║ OpenCL kernel cache branches ΓÇ║ uses regular progress status when kernel 
cache exists (isFirstGpuRun=false)

    expect(received).toBe(expected) // Object.is equality

    Expected: true
    Received: false

    [0m [90m 1505 |[39m
     [90m 1506 |[39m       [90m// Should include the "Generating image (5/20)..." status from else branch[39m
    [31m[1m>[22m[39m[90m 1507 |[39m       expect(statusUpdates[33m.[39msome(s [33m=>[39m 
s[33m?[39m[33m.[39mincludes([32m'Generating image'[39m)))[33m.[39mtoBe([36mtrue[39m)[33m;[39m
     [90m      |[39m                                                                        [31m[1m^[22m[39m
     [90m 1508 |[39m     })[33m;[39m
     [90m 1509 |[39m   })[33m;[39m
     [90m 1510 |[39m[0m

      at Object.toBe (__tests__/integration/generation/imageGenerationFlow.test.ts:1507:72)
      at asyncGeneratorStep (node_modules/@babel/runtime/helpers/asyncToGenerator.js:3:17)
      at _next (node_modules/@babel/runtime/helpers/asyncToGenerator.js:17:9)

  ΓùÅ Image Generation Flow Integration ΓÇ║ _ensureImageModelLoaded with null activeImageModelId ΓÇ║ returns false and 
sets error when activeImageModelId is null but model not loaded

    expect(received).toBe(expected) // Object.is equality

    Expected: "No image model selected"
    Received: "No hay modelo de imagen seleccionado"

    [0m [90m 1519 |[39m
     [90m 1520 |[39m       expect(result)[33m.[39mtoBe([36mfalse[39m)[33m;[39m
    [31m[1m>[22m[39m[90m 1521 |[39m       
expect(imageGenerationService[33m.[39mgetState()[33m.[39merror)[33m.[39mtoBe([32m'No image model 
selected'[39m)[33m;[39m
     [90m      |[39m                                                       [31m[1m^[22m[39m
     [90m 1522 |[39m     })[33m;[39m
     [90m 1523 |[39m   })[33m;[39m
     [90m 1524 |[39m })[33m;[39m[0m

      at Object.toBe (__tests__/integration/generation/imageGenerationFlow.test.ts:1521:55)
      at asyncGeneratorStep (node_modules/@babel/runtime/helpers/asyncToGenerator.js:3:17)
      at _next (node_modules/@babel/runtime/helpers/asyncToGenerator.js:17:9)

Test Suites: 1 failed, 1 total
Tests:       24 failed, 26 passed, 50 total
Snapshots:   0 total
Time:        66.683 s
Ran all test suites matching /__tests__\\integration\\generation\\imageGenerationFlow.test.ts/i.
