__tests__/rntl/components/MarkdownText.test.tsx(14,24): error TS2305: Module '"../../../src/components/MarkdownText"' has no exported member 'preprocessMarkdown'.
__tests__/rntl/components/ModelPickerSheet.test.tsx(21,34): error TS2307: Cannot find module '../../../src/screens/HomeScreen/components/ModelPickerSheet' or its corresponding type declarations.
__tests__/rntl/onboarding/HomeScreenSpotlight.test.tsx(168,28): error TS2307: Cannot find module '../../../src/screens/HomeScreen' or its corresponding type declarations.
__tests__/rntl/screens/HomeScreen.test.tsx(196,28): error TS2307: Cannot find module '../../../src/screens/HomeScreen' or its corresponding type declarations.
__tests__/rntl/screens/ModelSettingsScreen.test.tsx(803,9): error TS2741: Property 'thinkingLevel' is missing in type '{ systemPrompt: any; temperature: any; maxTokens: any; topP: any; repeatPenalty: any; contextLength: any; nThreads: any; nBatch: any; imageGenerationMode: any; autoDetectMethod: any; ... 16 more ...; toolsEnabled: any; }' but required in type 'AppSettings'.
__tests__/unit/hooks/useHomeScreen.test.ts(107,31): error TS2307: Cannot find module '../../../src/screens/HomeScreen/hooks/useHomeScreen' or its corresponding type declarations.
__tests__/unit/hooks/useModelLoading.test.ts(8,33): error TS2307: Cannot find module '../../../src/screens/HomeScreen/hooks/useModelLoading' or its corresponding type declarations.
__tests__/unit/utils/sharePrompt.test.ts(1,78): error TS2307: Cannot find module '../../../src/utils/sharePrompt' or its corresponding type declarations.
__tests__/utils/testHelpers.ts(48,5): error TS2741: Property 'thinkingLevel' is missing in type '{ systemPrompt: string; temperature: number; maxTokens: number; topP: number; repeatPenalty: number; contextLength: number; nThreads: number; nBatch: number; imageGenerationMode: "auto"; autoDetectMethod: "pattern"; ... 16 more ...; toolsEnabled: true; }' but required in type 'AppSettings'.
src/components/ModelSelectorModal/ImageTab.tsx(27,34): error TS2345: Argument of type '(colors: ThemeColors, shadows: ThemeShadows) => { addButton: { flexDirection: "row"; alignItems: "center"; justifyContent: "center"; backgroundColor: string; paddingVertical: number; paddingHorizontal: number; borderRadius: number; marginTop: number; gap: number; }; ... 63 more ...; importModelIcon: { ...; }; }' is not assignable to parameter of type '(colors: { primary: string; primaryDark: string; primaryLight: string; background: string; surface: string; surfaceLight: string; surfaceHover: string; text: string; textSecondary: string; textMuted: string; ... 10 more ...; divider: string; }, shadows: ThemeShadows) => NamedStyles<...>'.
  Call signature return types '{ addButton: { flexDirection: "row"; alignItems: "center"; justifyContent: "center"; backgroundColor: string; paddingVertical: number; paddingHorizontal: number; borderRadius: number; marginTop: number; gap: number; }; ... 63 more ...; importModelIcon: { ...; }; }' and 'NamedStyles<{ addButton: { flexDirection: "row"; alignItems: "center"; justifyContent: "center"; backgroundColor: string; paddingVertical: number; paddingHorizontal: number; borderRadius: number; marginTop: number; gap: number; }; ... 63 more ...; importModelIcon: { ...; }; }>' are incompatible.
    The types of 'tabActiveBg' are incompatible between these types.
      Type 'string' is not assignable to type 'ViewStyle | TextStyle | ImageStyle'.
src/components/ModelSelectorModal/index.tsx(55,34): error TS2345: Argument of type '(colors: ThemeColors, shadows: ThemeShadows) => { addButton: { flexDirection: "row"; alignItems: "center"; justifyContent: "center"; backgroundColor: string; paddingVertical: number; paddingHorizontal: number; borderRadius: number; marginTop: number; gap: number; }; ... 63 more ...; importModelIcon: { ...; }; }' is not assignable to parameter of type '(colors: { primary: string; primaryDark: string; primaryLight: string; background: string; surface: string; surfaceLight: string; surfaceHover: string; text: string; textSecondary: string; textMuted: string; ... 10 more ...; divider: string; }, shadows: ThemeShadows) => NamedStyles<...>'.
  Call signature return types '{ addButton: { flexDirection: "row"; alignItems: "center"; justifyContent: "center"; backgroundColor: string; paddingVertical: number; paddingHorizontal: number; borderRadius: number; marginTop: number; gap: number; }; ... 63 more ...; importModelIcon: { ...; }; }' and 'NamedStyles<{ addButton: { flexDirection: "row"; alignItems: "center"; justifyContent: "center"; backgroundColor: string; paddingVertical: number; paddingHorizontal: number; borderRadius: number; marginTop: number; gap: number; }; ... 63 more ...; importModelIcon: { ...; }; }>' are incompatible.
    The types of 'tabActiveBg' are incompatible between these types.
      Type 'string' is not assignable to type 'ViewStyle | TextStyle | ImageStyle'.
src/components/ModelSelectorModal/index.tsx(93,5): error TS2322: Type 'string' is not assignable to type 'DimensionValue | undefined'.
src/components/ModelSelectorModal/index.tsx(94,5): error TS2322: Type 'ViewStyle | TextStyle | ImageStyle' is not assignable to type 'ColorValue | undefined'.
  Type 'ViewStyle' is not assignable to type 'ColorValue | undefined'.
src/components/ModelSelectorModal/index.tsx(99,5): error TS2322: Type 'ViewStyle | ImageStyle' is not assignable to type 'ColorValue | undefined'.
  Type 'ViewStyle' is not assignable to type 'ColorValue | undefined'.
src/components/ModelSelectorModal/index.tsx(103,5): error TS2322: Type 'ViewStyle | ImageStyle' is not assignable to type 'ColorValue | undefined'.
  Type 'ViewStyle' is not assignable to type 'ColorValue | undefined'.
src/components/ModelSelectorModal/TextTab.tsx(25,34): error TS2345: Argument of type '(colors: ThemeColors, shadows: ThemeShadows) => { addButton: { flexDirection: "row"; alignItems: "center"; justifyContent: "center"; backgroundColor: string; paddingVertical: number; paddingHorizontal: number; borderRadius: number; marginTop: number; gap: number; }; ... 63 more ...; importModelIcon: { ...; }; }' is not assignable to parameter of type '(colors: { primary: string; primaryDark: string; primaryLight: string; background: string; surface: string; surfaceLight: string; surfaceHover: string; text: string; textSecondary: string; textMuted: string; ... 10 more ...; divider: string; }, shadows: ThemeShadows) => NamedStyles<...>'.
  Call signature return types '{ addButton: { flexDirection: "row"; alignItems: "center"; justifyContent: "center"; backgroundColor: string; paddingVertical: number; paddingHorizontal: number; borderRadius: number; marginTop: number; gap: number; }; ... 63 more ...; importModelIcon: { ...; }; }' and 'NamedStyles<{ addButton: { flexDirection: "row"; alignItems: "center"; justifyContent: "center"; backgroundColor: string; paddingVertical: number; paddingHorizontal: number; borderRadius: number; marginTop: number; gap: number; }; ... 63 more ...; importModelIcon: { ...; }; }>' are incompatible.
    The types of 'tabActiveBg' are incompatible between these types.
      Type 'string' is not assignable to type 'ViewStyle | TextStyle | ImageStyle'.
src/screens/ChatScreen/index.tsx(192,15): error TS2322: Type '{ styles: { imageViewerContainer: { flex: number; backgroundColor: string; justifyContent: "center"; alignItems: "center"; }; imageViewerBackdrop: { position: "absolute"; top: number; right: number; bottom: number; left: number; }; ... 63 more ...; messageList: { ...; }; }; ... 12 more ...; setIsIncognito: (val: boo...' is not assignable to type 'IntrinsicAttributes & { styles: { imageViewerContainer: { flex: number; backgroundColor: string; justifyContent: "center"; alignItems: "center"; }; imageViewerBackdrop: { ...; }; ... 63 more ...; messageList: { ...; }; }; ... 10 more ...; setIsIncognito?: ((v: boolean) => void) | undefined; }'.
  Property 'activeProject' does not exist on type 'IntrinsicAttributes & { styles: { imageViewerContainer: { flex: number; backgroundColor: string; justifyContent: "center"; alignItems: "center"; }; imageViewerBackdrop: { ...; }; ... 63 more ...; messageList: { ...; }; }; ... 10 more ...; setIsIncognito?: ((v: boolean) => void) | undefined; }'.
src/screens/ModelSettingsScreen/ImageGenerationSection.tsx(65,44): error TS2339: Property 'clearCacheRow' does not exist on type '{ flex1: { flex: number; }; container: { flex: number; backgroundColor: string; }; header: { paddingHorizontal: number; paddingVertical: number; flexDirection: "row"; alignItems: "center"; }; backButton: { ...; }; ... 26 more ...; levelOptionTextActive: { ...; }; }'.
src/screens/ModelSettingsScreen/ImageGenerationSection.tsx(69,31): error TS2339: Property 'clearCacheText' does not exist on type '{ flex1: { flex: number; }; container: { flex: number; backgroundColor: string; }; header: { paddingHorizontal: number; paddingVertical: number; flexDirection: "row"; alignItems: "center"; }; backButton: { ...; }; ... 26 more ...; levelOptionTextActive: { ...; }; }'.
src/screens/ModelSettingsScreen/ImageGenerationSection.tsx(85,25): error TS2339: Property 'settingSection' does not exist on type '{ flex1: { flex: number; }; container: { flex: number; backgroundColor: string; }; header: { paddingHorizontal: number; paddingVertical: number; flexDirection: "row"; alignItems: "center"; }; backButton: { ...; }; ... 26 more ...; levelOptionTextActive: { ...; }; }'.
src/screens/ModelSettingsScreen/ImageGenerationSection.tsx(86,27): error TS2551: Property 'settingLabel' does not exist on type '{ flex1: { flex: number; }; container: { flex: number; backgroundColor: string; }; header: { paddingHorizontal: number; paddingVertical: number; flexDirection: "row"; alignItems: "center"; }; backButton: { ...; }; ... 26 more ...; levelOptionTextActive: { ...; }; }'. Did you mean 'sectionLabel'?
src/screens/ModelSettingsScreen/ImageGenerationSection.tsx(87,27): error TS2339: Property 'settingDesc' does not exist on type '{ flex1: { flex: number; }; container: { flex: number; backgroundColor: string; }; header: { paddingHorizontal: number; paddingVertical: number; flexDirection: "row"; alignItems: "center"; }; backButton: { ...; }; ... 26 more ...; levelOptionTextActive: { ...; }; }'.
src/screens/ModelSettingsScreen/ImageGenerationSection.tsx(92,27): error TS2339: Property 'buttonRow' does not exist on type '{ flex1: { flex: number; }; container: { flex: number; backgroundColor: string; }; header: { paddingHorizontal: number; paddingVertical: number; flexDirection: "row"; alignItems: "center"; }; backButton: { ...; }; ... 26 more ...; levelOptionTextActive: { ...; }; }'.
src/screens/ModelSettingsScreen/ImageGenerationSection.tsx(123,27): error TS2339: Property 'sliderSection' does not exist on type '{ flex1: { flex: number; }; container: { flex: number; backgroundColor: string; }; header: { paddingHorizontal: number; paddingVertical: number; flexDirection: "row"; alignItems: "center"; }; backButton: { ...; }; ... 26 more ...; levelOptionTextActive: { ...; }; }'.
src/screens/ModelSettingsScreen/ImageGenerationSection.tsx(142,27): error TS2339: Property 'sliderSection' does not exist on type '{ flex1: { flex: number; }; container: { flex: number; backgroundColor: string; }; header: { paddingHorizontal: number; paddingVertical: number; flexDirection: "row"; alignItems: "center"; }; backButton: { ...; }; ... 26 more ...; levelOptionTextActive: { ...; }; }'.
src/screens/ModelSettingsScreen/ImageGenerationSection.tsx(208,27): error TS2551: Property 'toggleNote' does not exist on type '{ flex1: { flex: number; }; container: { flex: number; backgroundColor: string; }; header: { paddingHorizontal: number; paddingVertical: number; flexDirection: "row"; alignItems: "center"; }; backButton: { ...; }; ... 26 more ...; levelOptionTextActive: { ...; }; }'. Did you mean 'toggleInfo'?
src/screens/ModelSettingsScreen/ImageGenerationSection.tsx(214,27): error TS2339: Property 'sliderSection' does not exist on type '{ flex1: { flex: number; }; container: { flex: number; backgroundColor: string; }; header: { paddingHorizontal: number; paddingVertical: number; flexDirection: "row"; alignItems: "center"; }; backButton: { ...; }; ... 26 more ...; levelOptionTextActive: { ...; }; }'.
src/screens/ModelSettingsScreen/ImageGenerationSection.tsx(233,27): error TS2339: Property 'sliderSection' does not exist on type '{ flex1: { flex: number; }; container: { flex: number; backgroundColor: string; }; header: { paddingHorizontal: number; paddingVertical: number; flexDirection: "row"; alignItems: "center"; }; backButton: { ...; }; ... 26 more ...; levelOptionTextActive: { ...; }; }'.
src/screens/ModelSettingsScreen/index.tsx(136,11): error TS2322: Type '{ title: string; variant: "ghost"; size: "small"; onPress: () => void; testID: string; style: { alignSelf: "center"; marginTop: number; }; titleStyle: { color: string; fontSize: number; }; }' is not assignable to type 'IntrinsicAttributes & ButtonProps'.
  Property 'titleStyle' does not exist on type 'IntrinsicAttributes & ButtonProps'.
src/screens/ModelSettingsScreen/SystemPromptSection.tsx(14,39): error TS2339: Property 'systemPromptContainer' does not exist on type '{ flex1: { flex: number; }; container: { flex: number; backgroundColor: string; }; header: { paddingHorizontal: number; paddingVertical: number; flexDirection: "row"; alignItems: "center"; }; backButton: { ...; }; ... 26 more ...; levelOptionTextActive: { ...; }; }'.
src/screens/ModelSettingsScreen/TextGenerationAdvanced.tsx(54,29): error TS2339: Property 'sliderSection' does not exist on type '{ flex1: { flex: number; }; container: { flex: number; backgroundColor: string; }; header: { paddingHorizontal: number; paddingVertical: number; flexDirection: "row"; alignItems: "center"; }; backButton: { ...; }; ... 26 more ...; levelOptionTextActive: { ...; }; }'.
src/screens/ModelSettingsScreen/TextGenerationAdvanced.tsx(122,27): error TS2339: Property 'strategyButtons' does not exist on type '{ flex1: { flex: number; }; container: { flex: number; backgroundColor: string; }; header: { paddingHorizontal: number; paddingVertical: number; flexDirection: "row"; alignItems: "center"; }; backButton: { ...; }; ... 26 more ...; levelOptionTextActive: { ...; }; }'.
src/screens/ModelSettingsScreen/TextGenerationAdvanced.tsx(137,29): error TS2339: Property 'warningText' does not exist on type '{ flex1: { flex: number; }; container: { flex: number; backgroundColor: string; }; header: { paddingHorizontal: number; paddingVertical: number; flexDirection: "row"; alignItems: "center"; }; backButton: { ...; }; ... 26 more ...; levelOptionTextActive: { ...; }; }'.
src/screens/ModelSettingsScreen/TextGenerationAdvanced.tsx(142,29): error TS2339: Property 'warningText' does not exist on type '{ flex1: { flex: number; }; container: { flex: number; backgroundColor: string; }; header: { paddingHorizontal: number; paddingVertical: number; flexDirection: "row"; alignItems: "center"; }; backButton: { ...; }; ... 26 more ...; levelOptionTextActive: { ...; }; }'.
src/screens/ModelSettingsScreen/TextGenerationAdvanced.tsx(168,27): error TS2339: Property 'strategyButtons' does not exist on type '{ flex1: { flex: number; }; container: { flex: number; backgroundColor: string; }; header: { paddingHorizontal: number; paddingVertical: number; flexDirection: "row"; alignItems: "center"; }; backButton: { ...; }; ... 26 more ...; levelOptionTextActive: { ...; }; }'.
src/screens/ModelSettingsScreen/TextGenerationAdvanced.tsx(209,27): error TS2339: Property 'sliderSection' does not exist on type '{ flex1: { flex: number; }; container: { flex: number; backgroundColor: string; }; header: { paddingHorizontal: number; paddingVertical: number; flexDirection: "row"; alignItems: "center"; }; backButton: { ...; }; ... 26 more ...; levelOptionTextActive: { ...; }; }'.
src/screens/ModelSettingsScreen/TextGenerationAdvanced.tsx(228,27): error TS2339: Property 'sliderSection' does not exist on type '{ flex1: { flex: number; }; container: { flex: number; backgroundColor: string; }; header: { paddingHorizontal: number; paddingVertical: number; flexDirection: "row"; alignItems: "center"; }; backButton: { ...; }; ... 26 more ...; levelOptionTextActive: { ...; }; }'.
src/screens/ModelSettingsScreen/TextGenerationAdvanced.tsx(247,27): error TS2339: Property 'sliderSection' does not exist on type '{ flex1: { flex: number; }; container: { flex: number; backgroundColor: string; }; header: { paddingHorizontal: number; paddingVertical: number; flexDirection: "row"; alignItems: "center"; }; backButton: { ...; }; ... 26 more ...; levelOptionTextActive: { ...; }; }'.
src/screens/ModelSettingsScreen/TextGenerationAdvanced.tsx(266,27): error TS2339: Property 'sliderSection' does not exist on type '{ flex1: { flex: number; }; container: { flex: number; backgroundColor: string; }; header: { paddingHorizontal: number; paddingVertical: number; flexDirection: "row"; alignItems: "center"; }; backButton: { ...; }; ... 26 more ...; levelOptionTextActive: { ...; }; }'.
src/screens/ModelSettingsScreen/TextGenerationSection.tsx(37,27): error TS2339: Property 'sliderSection' does not exist on type '{ flex1: { flex: number; }; container: { flex: number; backgroundColor: string; }; header: { paddingHorizontal: number; paddingVertical: number; flexDirection: "row"; alignItems: "center"; }; backButton: { ...; }; ... 26 more ...; levelOptionTextActive: { ...; }; }'.
src/screens/ModelSettingsScreen/TextGenerationSection.tsx(56,27): error TS2339: Property 'sliderSection' does not exist on type '{ flex1: { flex: number; }; container: { flex: number; backgroundColor: string; }; header: { paddingHorizontal: number; paddingVertical: number; flexDirection: "row"; alignItems: "center"; }; backButton: { ...; }; ... 26 more ...; levelOptionTextActive: { ...; }; }'.
src/screens/ModelSettingsScreen/TextGenerationSection.tsx(75,27): error TS2339: Property 'sliderSection' does not exist on type '{ flex1: { flex: number; }; container: { flex: number; backgroundColor: string; }; header: { paddingHorizontal: number; paddingVertical: number; flexDirection: "row"; alignItems: "center"; }; backButton: { ...; }; ... 26 more ...; levelOptionTextActive: { ...; }; }'.
src/screens/ModelSettingsScreen/TextGenerationSection.tsx(115,29): error TS2339: Property 'levelSelectorContainer' does not exist on type '{ flex1: { flex: number; }; container: { flex: number; backgroundColor: string; }; header: { paddingHorizontal: number; paddingVertical: number; flexDirection: "row"; alignItems: "center"; }; backButton: { ...; }; ... 26 more ...; levelOptionTextActive: { ...; }; }'.
src/screens/ModelSettingsScreen/TextGenerationSection.tsx(116,31): error TS2339: Property 'levelLabel' does not exist on type '{ flex1: { flex: number; }; container: { flex: number; backgroundColor: string; }; header: { paddingHorizontal: number; paddingVertical: number; flexDirection: "row"; alignItems: "center"; }; backButton: { ...; }; ... 26 more ...; levelOptionTextActive: { ...; }; }'.
src/screens/ModelsScreen/ImageFilterBar.tsx(55,34): error TS2345: Argument of type '(colors: ThemeColors, shadows: ThemeShadows) => { downloadImageButton: { boxShadow: string; flexDirection: "row"; alignItems: "center"; justifyContent: "center"; backgroundColor: string; paddingVertical: number; paddingHorizontal: number; borderRadius: number; gap: number; }; ... 120 more ...; emptyText: { ...; }; }' is not assignable to parameter of type '(colors: { primary: string; primaryDark: string; primaryLight: string; background: string; surface: string; surfaceLight: string; surfaceHover: string; text: string; textSecondary: string; textMuted: string; ... 10 more ...; divider: string; }, shadows: ThemeShadows) => NamedStyles<...>'.
  Call signature return types '{ downloadImageButton: { boxShadow: string; flexDirection: "row"; alignItems: "center"; justifyContent: "center"; backgroundColor: string; paddingVertical: number; paddingHorizontal: number; borderRadius: number; gap: number; }; ... 120 more ...; emptyText: { ...; }; }' and 'NamedStyles<{ downloadImageButton: { boxShadow: string; flexDirection: "row"; alignItems: "center"; justifyContent: "center"; backgroundColor: string; paddingVertical: number; paddingHorizontal: number; borderRadius: number; gap: number; }; ... 120 more ...; emptyText: { ...; }; }>' are incompatible.
    The types of 'tabActiveBg' are incompatible between these types.
      Type 'string' is not assignable to type 'ViewStyle | TextStyle | ImageStyle'.
src/screens/ModelsScreen/ImageFilterBar.tsx(131,34): error TS2345: Argument of type '(colors: ThemeColors, shadows: ThemeShadows) => { downloadImageButton: { boxShadow: string; flexDirection: "row"; alignItems: "center"; justifyContent: "center"; backgroundColor: string; paddingVertical: number; paddingHorizontal: number; borderRadius: number; gap: number; }; ... 120 more ...; emptyText: { ...; }; }' is not assignable to parameter of type '(colors: { primary: string; primaryDark: string; primaryLight: string; background: string; surface: string; surfaceLight: string; surfaceHover: string; text: string; textSecondary: string; textMuted: string; ... 10 more ...; divider: string; }, shadows: ThemeShadows) => NamedStyles<...>'.
  Call signature return types '{ downloadImageButton: { boxShadow: string; flexDirection: "row"; alignItems: "center"; justifyContent: "center"; backgroundColor: string; paddingVertical: number; paddingHorizontal: number; borderRadius: number; gap: number; }; ... 120 more ...; emptyText: { ...; }; }' and 'NamedStyles<{ downloadImageButton: { boxShadow: string; flexDirection: "row"; alignItems: "center"; justifyContent: "center"; backgroundColor: string; paddingVertical: number; paddingHorizontal: number; borderRadius: number; gap: number; }; ... 120 more ...; emptyText: { ...; }; }>' are incompatible.
    The types of 'tabActiveBg' are incompatible between these types.
      Type 'string' is not assignable to type 'ViewStyle | TextStyle | ImageStyle'.
src/screens/ModelsScreen/ImageFilterBar.tsx(132,22): error TS2304: Cannot find name 'useTheme'.
src/screens/ModelsScreen/ImageModelsTab.tsx(51,34): error TS2345: Argument of type '(colors: ThemeColors, shadows: ThemeShadows) => { downloadImageButton: { boxShadow: string; flexDirection: "row"; alignItems: "center"; justifyContent: "center"; backgroundColor: string; paddingVertical: number; paddingHorizontal: number; borderRadius: number; gap: number; }; ... 120 more ...; emptyText: { ...; }; }' is not assignable to parameter of type '(colors: { primary: string; primaryDark: string; primaryLight: string; background: string; surface: string; surfaceLight: string; surfaceHover: string; text: string; textSecondary: string; textMuted: string; ... 10 more ...; divider: string; }, shadows: ThemeShadows) => NamedStyles<...>'.
  Call signature return types '{ downloadImageButton: { boxShadow: string; flexDirection: "row"; alignItems: "center"; justifyContent: "center"; backgroundColor: string; paddingVertical: number; paddingHorizontal: number; borderRadius: number; gap: number; }; ... 120 more ...; emptyText: { ...; }; }' and 'NamedStyles<{ downloadImageButton: { boxShadow: string; flexDirection: "row"; alignItems: "center"; justifyContent: "center"; backgroundColor: string; paddingVertical: number; paddingHorizontal: number; borderRadius: number; gap: number; }; ... 120 more ...; emptyText: { ...; }; }>' are incompatible.
    The types of 'tabActiveBg' are incompatible between these types.
      Type 'string' is not assignable to type 'ViewStyle | TextStyle | ImageStyle'.
src/screens/ModelsScreen/ImageModelsTab.tsx(141,34): error TS2345: Argument of type '(colors: ThemeColors, shadows: ThemeShadows) => { downloadImageButton: { boxShadow: string; flexDirection: "row"; alignItems: "center"; justifyContent: "center"; backgroundColor: string; paddingVertical: number; paddingHorizontal: number; borderRadius: number; gap: number; }; ... 120 more ...; emptyText: { ...; }; }' is not assignable to parameter of type '(colors: { primary: string; primaryDark: string; primaryLight: string; background: string; surface: string; surfaceLight: string; surfaceHover: string; text: string; textSecondary: string; textMuted: string; ... 10 more ...; divider: string; }, shadows: ThemeShadows) => NamedStyles<...>'.
  Call signature return types '{ downloadImageButton: { boxShadow: string; flexDirection: "row"; alignItems: "center"; justifyContent: "center"; backgroundColor: string; paddingVertical: number; paddingHorizontal: number; borderRadius: number; gap: number; }; ... 120 more ...; emptyText: { ...; }; }' and 'NamedStyles<{ downloadImageButton: { boxShadow: string; flexDirection: "row"; alignItems: "center"; justifyContent: "center"; backgroundColor: string; paddingVertical: number; paddingHorizontal: number; borderRadius: number; gap: number; }; ... 120 more ...; emptyText: { ...; }; }>' are incompatible.
    The types of 'tabActiveBg' are incompatible between these types.
      Type 'string' is not assignable to type 'ViewStyle | TextStyle | ImageStyle'.
src/screens/ModelsScreen/ImageModelsTab.tsx(265,34): error TS2345: Argument of type '(colors: ThemeColors, shadows: ThemeShadows) => { downloadImageButton: { boxShadow: string; flexDirection: "row"; alignItems: "center"; justifyContent: "center"; backgroundColor: string; paddingVertical: number; paddingHorizontal: number; borderRadius: number; gap: number; }; ... 120 more ...; emptyText: { ...; }; }' is not assignable to parameter of type '(colors: { primary: string; primaryDark: string; primaryLight: string; background: string; surface: string; surfaceLight: string; surfaceHover: string; text: string; textSecondary: string; textMuted: string; ... 10 more ...; divider: string; }, shadows: ThemeShadows) => NamedStyles<...>'.
  Call signature return types '{ downloadImageButton: { boxShadow: string; flexDirection: "row"; alignItems: "center"; justifyContent: "center"; backgroundColor: string; paddingVertical: number; paddingHorizontal: number; borderRadius: number; gap: number; }; ... 120 more ...; emptyText: { ...; }; }' and 'NamedStyles<{ downloadImageButton: { boxShadow: string; flexDirection: "row"; alignItems: "center"; justifyContent: "center"; backgroundColor: string; paddingVertical: number; paddingHorizontal: number; borderRadius: number; gap: number; }; ... 120 more ...; emptyText: { ...; }; }>' are incompatible.
    The types of 'tabActiveBg' are incompatible between these types.
      Type 'string' is not assignable to type 'ViewStyle | TextStyle | ImageStyle'.
src/screens/ModelsScreen/index.tsx(25,34): error TS2345: Argument of type '(colors: ThemeColors, shadows: ThemeShadows) => { downloadImageButton: { boxShadow: string; flexDirection: "row"; alignItems: "center"; justifyContent: "center"; backgroundColor: string; paddingVertical: number; paddingHorizontal: number; borderRadius: number; gap: number; }; ... 120 more ...; emptyText: { ...; }; }' is not assignable to parameter of type '(colors: { primary: string; primaryDark: string; primaryLight: string; background: string; surface: string; surfaceLight: string; surfaceHover: string; text: string; textSecondary: string; textMuted: string; ... 10 more ...; divider: string; }, shadows: ThemeShadows) => NamedStyles<...>'.
  Call signature return types '{ downloadImageButton: { boxShadow: string; flexDirection: "row"; alignItems: "center"; justifyContent: "center"; backgroundColor: string; paddingVertical: number; paddingHorizontal: number; borderRadius: number; gap: number; }; ... 120 more ...; emptyText: { ...; }; }' and 'NamedStyles<{ downloadImageButton: { boxShadow: string; flexDirection: "row"; alignItems: "center"; justifyContent: "center"; backgroundColor: string; paddingVertical: number; paddingHorizontal: number; borderRadius: number; gap: number; }; ... 120 more ...; emptyText: { ...; }; }>' are incompatible.
    The types of 'tabActiveBg' are incompatible between these types.
      Type 'string' is not assignable to type 'ViewStyle | TextStyle | ImageStyle'.
src/screens/ModelsScreen/index.tsx(61,67): error TS2769: No overload matches this call.
  Overload 1 of 2, '(value: number, inputRange: readonly number[], outputRange: readonly string[], colorSpace?: "RGB" | "HSV" | "LAB" | undefined, options?: InterpolationOptions | undefined): string', gave the following error.
    Type 'ViewStyle | TextStyle | ImageStyle' is not assignable to type 'string'.
      Type 'ViewStyle' is not assignable to type 'string'.
src/screens/ModelsScreen/index.tsx(62,78): error TS2769: No overload matches this call.
  Overload 1 of 2, '(value: number, inputRange: readonly number[], outputRange: readonly string[], colorSpace?: "RGB" | "HSV" | "LAB" | undefined, options?: InterpolationOptions | undefined): string', gave the following error.
    Type 'ViewStyle | TextStyle | ImageStyle' is not assignable to type 'string'.
      Type 'ViewStyle' is not assignable to type 'string'.
src/screens/ModelsScreen/index.tsx(68,82): error TS2769: No overload matches this call.
  Overload 1 of 2, '(value: number, inputRange: readonly number[], outputRange: readonly string[], colorSpace?: "RGB" | "HSV" | "LAB" | undefined, options?: InterpolationOptions | undefined): string', gave the following error.
    Type 'ViewStyle | TextStyle | ImageStyle' is not assignable to type 'string'.
      Type 'ViewStyle' is not assignable to type 'string'.
src/screens/ModelsScreen/index.tsx(69,63): error TS2769: No overload matches this call.
  Overload 1 of 2, '(value: number, inputRange: readonly number[], outputRange: readonly string[], colorSpace?: "RGB" | "HSV" | "LAB" | undefined, options?: InterpolationOptions | undefined): string', gave the following error.
    Type 'ViewStyle | TextStyle | ImageStyle' is not assignable to type 'string'.
      Type 'ViewStyle' is not assignable to type 'string'.
src/screens/ModelsScreen/index.tsx(73,12): error TS2769: No overload matches this call.
  Overload 2 of 2, '(value: number, inputRange: readonly number[], outputRange: readonly number[], colorSpace?: "RGB" | "HSV" | "LAB" | undefined, options?: InterpolationOptions | undefined): number', gave the following error.
    Type 'ViewStyle | TextStyle | ImageStyle' is not assignable to type 'number'.
      Type 'ViewStyle' is not assignable to type 'number'.
  Overload 2 of 2, '(value: number, inputRange: readonly number[], outputRange: readonly number[], colorSpace?: "RGB" | "HSV" | "LAB" | undefined, options?: InterpolationOptions | undefined): number', gave the following error.
    Type 'ViewStyle | TextStyle | ImageStyle' is not assignable to type 'number'.
      Type 'ViewStyle' is not assignable to type 'number'.
src/screens/ModelsScreen/index.tsx(77,12): error TS2769: No overload matches this call.
  Overload 2 of 2, '(value: number, inputRange: readonly number[], outputRange: readonly number[], colorSpace?: "RGB" | "HSV" | "LAB" | undefined, options?: InterpolationOptions | undefined): number', gave the following error.
    Type 'ViewStyle | TextStyle | ImageStyle' is not assignable to type 'number'.
      Type 'ViewStyle' is not assignable to type 'number'.
  Overload 2 of 2, '(value: number, inputRange: readonly number[], outputRange: readonly number[], colorSpace?: "RGB" | "HSV" | "LAB" | undefined, options?: InterpolationOptions | undefined): number', gave the following error.
    Type 'ViewStyle | TextStyle | ImageStyle' is not assignable to type 'number'.
      Type 'ViewStyle' is not assignable to type 'number'.
src/screens/ModelsScreen/index.tsx(170,37): error TS2339: Property 'progressBar' does not exist on type 'NamedStyles<{ downloadImageButton: { boxShadow: string; flexDirection: "row"; alignItems: "center"; justifyContent: "center"; backgroundColor: string; paddingVertical: number; paddingHorizontal: number; borderRadius: number; gap: number; }; ... 120 more ...; emptyText: { ...; }; }>'.
src/screens/ModelsScreen/index.tsx(171,40): error TS2339: Property 'progressFill' does not exist on type 'NamedStyles<{ downloadImageButton: { boxShadow: string; flexDirection: "row"; alignItems: "center"; justifyContent: "center"; backgroundColor: string; paddingVertical: number; paddingHorizontal: number; borderRadius: number; gap: number; }; ... 120 more ...; emptyText: { ...; }; }>'.
src/screens/ModelsScreen/TextFiltersSection.tsx(28,34): error TS2345: Argument of type '(colors: ThemeColors, shadows: ThemeShadows) => { downloadImageButton: { boxShadow: string; flexDirection: "row"; alignItems: "center"; justifyContent: "center"; backgroundColor: string; paddingVertical: number; paddingHorizontal: number; borderRadius: number; gap: number; }; ... 120 more ...; emptyText: { ...; }; }' is not assignable to parameter of type '(colors: { primary: string; primaryDark: string; primaryLight: string; background: string; surface: string; surfaceLight: string; surfaceHover: string; text: string; textSecondary: string; textMuted: string; ... 10 more ...; divider: string; }, shadows: ThemeShadows) => NamedStyles<...>'.
  Call signature return types '{ downloadImageButton: { boxShadow: string; flexDirection: "row"; alignItems: "center"; justifyContent: "center"; backgroundColor: string; paddingVertical: number; paddingHorizontal: number; borderRadius: number; gap: number; }; ... 120 more ...; emptyText: { ...; }; }' and 'NamedStyles<{ downloadImageButton: { boxShadow: string; flexDirection: "row"; alignItems: "center"; justifyContent: "center"; backgroundColor: string; paddingVertical: number; paddingHorizontal: number; borderRadius: number; gap: number; }; ... 120 more ...; emptyText: { ...; }; }>' are incompatible.
    The types of 'tabActiveBg' are incompatible between these types.
      Type 'string' is not assignable to type 'ViewStyle | TextStyle | ImageStyle'.
src/screens/ModelsScreen/TextModelsTab.tsx(185,34): error TS2345: Argument of type '(colors: ThemeColors, shadows: ThemeShadows) => { downloadImageButton: { boxShadow: string; flexDirection: "row"; alignItems: "center"; justifyContent: "center"; backgroundColor: string; paddingVertical: number; paddingHorizontal: number; borderRadius: number; gap: number; }; ... 120 more ...; emptyText: { ...; }; }' is not assignable to parameter of type '(colors: { primary: string; primaryDark: string; primaryLight: string; background: string; surface: string; surfaceLight: string; surfaceHover: string; text: string; textSecondary: string; textMuted: string; ... 10 more ...; divider: string; }, shadows: ThemeShadows) => NamedStyles<...>'.
  Call signature return types '{ downloadImageButton: { boxShadow: string; flexDirection: "row"; alignItems: "center"; justifyContent: "center"; backgroundColor: string; paddingVertical: number; paddingHorizontal: number; borderRadius: number; gap: number; }; ... 120 more ...; emptyText: { ...; }; }' and 'NamedStyles<{ downloadImageButton: { boxShadow: string; flexDirection: "row"; alignItems: "center"; justifyContent: "center"; backgroundColor: string; paddingVertical: number; paddingHorizontal: number; borderRadius: number; gap: number; }; ... 120 more ...; emptyText: { ...; }; }>' are incompatible.
    The types of 'tabActiveBg' are incompatible between these types.
      Type 'string' is not assignable to type 'ViewStyle | TextStyle | ImageStyle'.
src/screens/ModelsScreen/TextModelsTab.tsx(238,9): error TS2322: Type 'NamedStyles<{ downloadImageButton: { boxShadow: string; flexDirection: "row"; alignItems: "center"; justifyContent: "center"; backgroundColor: string; paddingVertical: number; paddingHorizontal: number; borderRadius: number; gap: number; }; ... 120 more ...; emptyText: { ...; }; }>' is not assignable to type '{ downloadImageButton: { boxShadow: string; flexDirection: "row"; alignItems: "center"; justifyContent: "center"; backgroundColor: string; paddingVertical: number; paddingHorizontal: number; borderRadius: number; gap: number; }; ... 120 more ...; emptyText: { ...; }; }'.
  Types of property 'downloadImageButton' are incompatible.
    Type 'ViewStyle | TextStyle | ImageStyle' is not assignable to type '{ boxShadow: string; flexDirection: "row"; alignItems: "center"; justifyContent: "center"; backgroundColor: string; paddingVertical: number; paddingHorizontal: number; borderRadius: number; gap: number; }'.
      Type 'ViewStyle' is not assignable to type '{ boxShadow: string; flexDirection: "row"; alignItems: "center"; justifyContent: "center"; backgroundColor: string; paddingVertical: number; paddingHorizontal: number; borderRadius: number; gap: number; }'.
        Types of property 'boxShadow' are incompatible.
          Type 'string | readonly BoxShadowValue[] | undefined' is not assignable to type 'string'.
            Type 'undefined' is not assignable to type 'string'.
src/screens/ModelsScreen/useModelsScreen.ts(199,7): error TS2304: Cannot find name 'logger'.
src/screens/ProjectsScreen.tsx(29,45): error TS2344: Type '"ProjectsTab"' does not satisfy the constraint 'keyof MainTabParamList'.
src/screens/StorageSettingsScreen.tsx(98,31): error TS2339: Property 'sectionLabel' does not exist on type '{ container: { flex: number; backgroundColor: string; }; header: { paddingHorizontal: number; paddingVertical: number; flexDirection: "row"; alignItems: "center"; }; backButton: { marginRight: number; padding: number; }; ... 32 more ...; deleteAllText: { ...; }; }'.
src/screens/StorageSettingsScreen.tsx(117,31): error TS2339: Property 'sectionLabel' does not exist on type '{ container: { flex: number; backgroundColor: string; }; header: { paddingHorizontal: number; paddingVertical: number; flexDirection: "row"; alignItems: "center"; }; backButton: { marginRight: number; padding: number; }; ... 32 more ...; deleteAllText: { ...; }; }'.
src/screens/StorageSettingsScreen.tsx(152,33): error TS2339: Property 'sectionLabel' does not exist on type '{ container: { flex: number; backgroundColor: string; }; header: { paddingHorizontal: number; paddingVertical: number; flexDirection: "row"; alignItems: "center"; }; backButton: { marginRight: number; padding: number; }; ... 32 more ...; deleteAllText: { ...; }; }'.
src/screens/StorageSettingsScreen.tsx(172,33): error TS2339: Property 'sectionLabel' does not exist on type '{ container: { flex: number; backgroundColor: string; }; header: { paddingHorizontal: number; paddingVertical: number; flexDirection: "row"; alignItems: "center"; }; backButton: { marginRight: number; padding: number; }; ... 32 more ...; deleteAllText: { ...; }; }'.
src/screens/StorageSettingsScreen.tsx(199,35): error TS2339: Property 'sectionLabel' does not exist on type '{ container: { flex: number; backgroundColor: string; }; header: { paddingHorizontal: number; paddingVertical: number; flexDirection: "row"; alignItems: "center"; }; backButton: { marginRight: number; padding: number; }; ... 32 more ...; deleteAllText: { ...; }; }'.
